[00:23:28.551] [Info] Root: Preparing Root...
[00:23:28.551] [Info] Root: Done preparing Root.
[00:23:28.551] [Info] Client Version 1.3.2 (windows x86_64) Source ID: 4d70cfed23093a8e5abe06d662c6a5610fefc596 Protocol: 743
[00:23:28.551] [Info] Root: Scanning for asset sources in directory '..\assets\'
[00:23:28.776] [Info] Root: Scanning for asset sources in directory '..\mods\'
[00:23:28.787] [Warn] Root: Unrecognized file in asset directory 'mods_go_here', skipping
[00:23:28.794] [Info] Root: Detected asset source named 'base' at '..\assets\packed.pak'
[00:23:28.794] [Info] Root: Detected asset source named 'RPG_Growth' at '..\mods\Starbound-RPG-Growth'
[00:23:28.794] [Info] Root: Detected asset source named 'SlimeRaceMod' at '..\mods\slimemod.pak'
[00:23:28.794] [Info] Root: Detected unnamed asset source at '..\assets\user'
[00:23:28.794] [Info] Loading assets from: '..\assets\packed.pak'
[00:23:29.114] [Info] Loading assets from: '..\mods\Starbound-RPG-Growth'
[00:23:29.126] [Info] Loading assets from: '..\mods\slimemod.pak'
[00:23:29.135] [Info] Loading assets from: '..\assets\user'
[00:23:29.666] [Info] Assets digest is 14cf72714e67cfa6a425886ecff0611f299a02c6dc80179595cda1ae8d1e7653
[00:23:29.666] [Info] Root: Loaded Assets in 1.11534 seconds
[00:23:29.670] [Info] Application: Initializing SDL Video
[00:23:29.674] [Info] Application: Initializing SDL Joystick
[00:23:29.691] [Info] Application: Initializing SDL Sound
[00:23:29.770] [Info] Initialized Steam services
[00:23:29.772] [Info] Application: Creating SDL Window
[00:23:30.714] [Info] Application: Enabling VSync with late swap tearing
[00:23:30.740] [Info] Application: Opened default audio device with 44.1khz / 16 bit stereo audio, 2048 sample size buffer
[00:23:30.746] [Info] OpenGL version: '4.5.0 NVIDIA 382.33' vendor: 'NVIDIA Corporation' renderer: 'GeForce GTX 1060 3GB/PCIe/SSE2' shader: '4.50 NVIDIA'
[00:23:30.748] [Info] Application: initialization...
[00:23:30.749] [Info] Root: Loaded Configuration in 0.000627256 seconds
[00:23:30.759] [Info] Application: renderer initialization...
[00:23:30.762] [Info] detected supported OpenGL texture size 32768, using atlasNumCells 128
[00:23:30.762] [Info] detected supported OpenGL texture size 32768, using atlasNumCells 64
[00:23:30.764] [Info] Root: Loaded ImageMetadataDatabase in 8.31205e-07 seconds
[00:23:30.776] [Info] Application: main update loop...
[00:23:30.780] [Info] Loading mods from user generated content with id '895865334' from directory 'G:\SteamLibrary\steamapps\workshop\content\211820\895865334'
[00:23:30.780] [Info] Loading mods from user generated content with id '946515757' from directory 'G:\SteamLibrary\steamapps\workshop\content\211820\946515757'
[00:23:30.780] [Info] Loading mods from user generated content with id '729426722' from directory 'G:\SteamLibrary\steamapps\workshop\content\211820\729426722'
[00:23:30.780] [Info] Loading mods from user generated content with id '937184219' from directory 'G:\SteamLibrary\steamapps\workshop\content\211820\937184219'
[00:23:30.780] [Info] Loading mods from user generated content with id '876684273' from directory 'G:\SteamLibrary\steamapps\workshop\content\211820\876684273'
[00:23:30.780] [Info] Loading mods from user generated content with id '948458702' from directory 'G:\SteamLibrary\steamapps\workshop\content\211820\948458702'
[00:23:30.780] [Info] Loading mods from user generated content with id '736587210' from directory 'G:\SteamLibrary\steamapps\workshop\content\211820\736587210'
[00:23:30.780] [Info] Loading mods from user generated content with id '823522792' from directory 'G:\SteamLibrary\steamapps\workshop\content\211820\823522792'
[00:23:30.780] [Info] Loading mods from user generated content with id '825806617' from directory 'G:\SteamLibrary\steamapps\workshop\content\211820\825806617'
[00:23:30.780] [Info] Loading mods from user generated content with id '1082333529' from directory 'G:\SteamLibrary\steamapps\workshop\content\211820\1082333529'
[00:23:30.780] [Info] Loading mods from user generated content with id '729426797' from directory 'G:\SteamLibrary\steamapps\workshop\content\211820\729426797'
[00:23:30.780] [Info] Loading mods from user generated content with id '729427264' from directory 'G:\SteamLibrary\steamapps\workshop\content\211820\729427264'
[00:23:30.780] [Info] Loading mods from user generated content with id '729427606' from directory 'G:\SteamLibrary\steamapps\workshop\content\211820\729427606'
[00:23:30.780] [Info] Loading mods from user generated content with id '729428037' from directory 'G:\SteamLibrary\steamapps\workshop\content\211820\729428037'
[00:23:30.781] [Info] Loading mods from user generated content with id '729524482' from directory 'G:\SteamLibrary\steamapps\workshop\content\211820\729524482'
[00:23:30.781] [Info] Loading mods from user generated content with id '729726478' from directory 'G:\SteamLibrary\steamapps\workshop\content\211820\729726478'
[00:23:30.781] [Info] Loading mods from user generated content with id '731354142' from directory 'G:\SteamLibrary\steamapps\workshop\content\211820\731354142'
[00:23:30.781] [Info] Loading mods from user generated content with id '733139672' from directory 'G:\SteamLibrary\steamapps\workshop\content\211820\733139672'
[00:23:30.781] [Info] Loading mods from user generated content with id '731592371' from directory 'G:\SteamLibrary\steamapps\workshop\content\211820\731592371'
[00:23:30.781] [Info] Loading mods from user generated content with id '729492703' from directory 'G:\SteamLibrary\steamapps\workshop\content\211820\729492703'
[00:23:30.781] [Info] Loading mods from user generated content with id '730378641' from directory 'G:\SteamLibrary\steamapps\workshop\content\211820\730378641'
[00:23:30.781] [Info] Loading mods from user generated content with id '744492975' from directory 'G:\SteamLibrary\steamapps\workshop\content\211820\744492975'
[00:23:30.781] [Info] Loading mods from user generated content with id '823739640' from directory 'G:\SteamLibrary\steamapps\workshop\content\211820\823739640'
[00:23:30.781] [Info] Loading mods from user generated content with id '949533967' from directory 'G:\SteamLibrary\steamapps\workshop\content\211820\949533967'
[00:23:30.781] [Info] Loading mods from user generated content with id '729427436' from directory 'G:\SteamLibrary\steamapps\workshop\content\211820\729427436'
[00:23:30.781] [Info] Loading mods from user generated content with id '732892354' from directory 'G:\SteamLibrary\steamapps\workshop\content\211820\732892354'
[00:23:30.781] [Info] Loading mods from user generated content with id '763259329' from directory 'G:\SteamLibrary\steamapps\workshop\content\211820\763259329'
[00:23:30.781] [Info] Loading mods from user generated content with id '939383290' from directory 'G:\SteamLibrary\steamapps\workshop\content\211820\939383290'
[00:23:30.781] [Info] Reloading to include all user generated content
[00:23:30.781] [Info] Root: Reloading from disk
[00:23:30.781] [Info] Root: Writing runtime configuration to '..\storage\starbound.config'
[00:23:30.828] [Info] Root: Loaded Configuration in 0.000787118 seconds
[00:23:30.828] [Info] Root: Scanning for asset sources in directory '..\assets\'
[00:23:31.050] [Info] Root: Scanning for asset sources in directory '..\mods\'
[00:23:31.058] [Warn] Root: Unrecognized file in asset directory 'mods_go_here', skipping
[00:23:31.064] [Info] Root: Scanning for asset sources in directory 'G:\SteamLibrary\steamapps\workshop\content\211820\895865334'
[00:23:31.065] [Info] Root: Scanning for asset sources in directory 'G:\SteamLibrary\steamapps\workshop\content\211820\946515757'
[00:23:31.066] [Info] Root: Scanning for asset sources in directory 'G:\SteamLibrary\steamapps\workshop\content\211820\729426722'
[00:23:31.066] [Info] Root: Scanning for asset sources in directory 'G:\SteamLibrary\steamapps\workshop\content\211820\937184219'
[00:23:31.067] [Info] Root: Scanning for asset sources in directory 'G:\SteamLibrary\steamapps\workshop\content\211820\876684273'
[00:23:31.069] [Info] Root: Scanning for asset sources in directory 'G:\SteamLibrary\steamapps\workshop\content\211820\948458702'
[00:23:31.069] [Info] Root: Scanning for asset sources in directory 'G:\SteamLibrary\steamapps\workshop\content\211820\736587210'
[00:23:31.071] [Info] Root: Scanning for asset sources in directory 'G:\SteamLibrary\steamapps\workshop\content\211820\823522792'
[00:23:31.071] [Info] Root: Scanning for asset sources in directory 'G:\SteamLibrary\steamapps\workshop\content\211820\825806617'
[00:23:31.071] [Info] Root: Scanning for asset sources in directory 'G:\SteamLibrary\steamapps\workshop\content\211820\1082333529'
[00:23:31.071] [Info] Root: Scanning for asset sources in directory 'G:\SteamLibrary\steamapps\workshop\content\211820\729426797'
[00:23:31.072] [Info] Root: Scanning for asset sources in directory 'G:\SteamLibrary\steamapps\workshop\content\211820\729427264'
[00:23:31.072] [Info] Root: Scanning for asset sources in directory 'G:\SteamLibrary\steamapps\workshop\content\211820\729427606'
[00:23:31.074] [Info] Root: Scanning for asset sources in directory 'G:\SteamLibrary\steamapps\workshop\content\211820\729428037'
[00:23:31.074] [Info] Root: Scanning for asset sources in directory 'G:\SteamLibrary\steamapps\workshop\content\211820\729524482'
[00:23:31.075] [Info] Root: Scanning for asset sources in directory 'G:\SteamLibrary\steamapps\workshop\content\211820\729726478'
[00:23:31.075] [Info] Root: Scanning for asset sources in directory 'G:\SteamLibrary\steamapps\workshop\content\211820\731354142'
[00:23:31.075] [Info] Root: Scanning for asset sources in directory 'G:\SteamLibrary\steamapps\workshop\content\211820\733139672'
[00:23:31.075] [Info] Root: Scanning for asset sources in directory 'G:\SteamLibrary\steamapps\workshop\content\211820\731592371'
[00:23:31.075] [Info] Root: Scanning for asset sources in directory 'G:\SteamLibrary\steamapps\workshop\content\211820\729492703'
[00:23:31.077] [Info] Root: Scanning for asset sources in directory 'G:\SteamLibrary\steamapps\workshop\content\211820\730378641'
[00:23:31.077] [Info] Root: Scanning for asset sources in directory 'G:\SteamLibrary\steamapps\workshop\content\211820\744492975'
[00:23:31.077] [Info] Root: Scanning for asset sources in directory 'G:\SteamLibrary\steamapps\workshop\content\211820\823739640'
[00:23:31.079] [Info] Root: Scanning for asset sources in directory 'G:\SteamLibrary\steamapps\workshop\content\211820\949533967'
[00:23:31.079] [Info] Root: Scanning for asset sources in directory 'G:\SteamLibrary\steamapps\workshop\content\211820\729427436'
[00:23:31.081] [Info] Root: Scanning for asset sources in directory 'G:\SteamLibrary\steamapps\workshop\content\211820\732892354'
[00:23:31.081] [Info] Root: Scanning for asset sources in directory 'G:\SteamLibrary\steamapps\workshop\content\211820\763259329'
[00:23:31.103] [Info] Root: Scanning for asset sources in directory 'G:\SteamLibrary\steamapps\workshop\content\211820\939383290'
[00:23:31.104] [Info] Root: Detected asset source named 'base' at '..\assets\packed.pak'
[00:23:31.104] [Info] Root: Detected asset source named 'xbawks' at 'G:\SteamLibrary\steamapps\workshop\content\211820\729426722\contents.pak'
[00:23:31.104] [Info] Root: Detected asset source named 'RPG_Growth' at '..\mods\Starbound-RPG-Growth'
[00:23:31.104] [Info] Root: Detected asset source named 'SlimeRaceMod' at '..\mods\slimemod.pak'
[00:23:31.104] [Info] Root: Detected asset source named 'Brawler's Coat and Arms' at 'G:\SteamLibrary\steamapps\workshop\content\211820\895865334\contents.pak'
[00:23:31.104] [Info] Root: Detected asset source named 'Borderlands Random-Gen Weapons' at 'G:\SteamLibrary\steamapps\workshop\content\211820\946515757\contents.pak'
[00:23:31.104] [Info] Root: Detected asset source named 'Telvakian Race Mod' at 'G:\SteamLibrary\steamapps\workshop\content\211820\937184219\contents.pak'
[00:23:31.104] [Info] Root: Detected asset source named 'Slime Sphere Techs' at 'G:\SteamLibrary\steamapps\workshop\content\211820\876684273\contents.pak'
[00:23:31.104] [Info] Root: Detected asset source named 'SlimyHairs' at 'G:\SteamLibrary\steamapps\workshop\content\211820\948458702\contents.pak'
[00:23:31.104] [Info] Root: Detected asset source named 'Starsuits' at 'G:\SteamLibrary\steamapps\workshop\content\211820\736587210\contents.pak'
[00:23:31.104] [Info] Root: Detected asset source named 'Dye Station' at 'G:\SteamLibrary\steamapps\workshop\content\211820\823522792\contents.pak'
[00:23:31.104] [Info] Root: Detected asset source named 'craftablemf' at 'G:\SteamLibrary\steamapps\workshop\content\211820\825806617\contents.pak'
[00:23:31.104] [Info] Root: Detected asset source named 'Pocket World Mod' at 'G:\SteamLibrary\steamapps\workshop\content\211820\1082333529\contents.pak'
[00:23:31.104] [Info] Root: Detected asset source named 'Extended GUI' at 'G:\SteamLibrary\steamapps\workshop\content\211820\729426797\contents.pak'
[00:23:31.104] [Info] Root: Detected asset source named 'Extended Songbook' at 'G:\SteamLibrary\steamapps\workshop\content\211820\729427264\contents.pak'
[00:23:31.104] [Info] Root: Detected asset source named 'Improved Containers' at 'G:\SteamLibrary\steamapps\workshop\content\211820\729427606\contents.pak'
[00:23:31.104] [Info] Root: Detected asset source named 'ContainerUITweak' at 'G:\SteamLibrary\steamapps\workshop\content\211820\729524482\contents.pak'
[00:23:31.104] [Info] Root: Detected asset source named 'Weapon Stats' at 'G:\SteamLibrary\steamapps\workshop\content\211820\729726478\contents.pak'
[00:23:31.104] [Info] Root: Detected asset source named 'Improved Food Descriptions' at 'G:\SteamLibrary\steamapps\workshop\content\211820\731354142\contents.pak'
[00:23:31.104] [Info] Root: Detected asset source named 'Earth's Finest - Crew Improvements' at 'G:\SteamLibrary\steamapps\workshop\content\211820\733139672\contents.pak'
[00:23:31.104] [Info] Root: Detected unnamed asset source at 'G:\SteamLibrary\steamapps\workshop\content\211820\731592371\contents.pak'
[00:23:31.104] [Info] Root: Detected asset source named 'FrackinMusic' at 'G:\SteamLibrary\steamapps\workshop\content\211820\729492703\contents.pak'
[00:23:31.104] [Info] Root: Detected asset source named 'PerennialCrops' at 'G:\SteamLibrary\steamapps\workshop\content\211820\730378641\contents.pak'
[00:23:31.104] [Info] Root: Detected asset source named 'betterupgrades7' at 'G:\SteamLibrary\steamapps\workshop\content\211820\823739640\contents.pak'
[00:23:31.104] [Info] Root: Detected asset source named 'RFW-FU' at 'G:\SteamLibrary\steamapps\workshop\content\211820\949533967\contents.pak'
[00:23:31.104] [Info] Root: Detected unnamed asset source at 'G:\SteamLibrary\steamapps\workshop\content\211820\732892354\contents.pak'
[00:23:31.104] [Info] Root: Detected asset source named 'fr telvak' at 'G:\SteamLibrary\steamapps\workshop\content\211820\939383290\content.pak'
[00:23:31.104] [Info] Root: Detected asset source named 'skippable_cinematics' at 'G:\SteamLibrary\steamapps\workshop\content\211820\729428037\contents.pak'
[00:23:31.104] [Info] Root: Detected asset source named 'food_stack' at 'G:\SteamLibrary\steamapps\workshop\content\211820\729427436\contents.pak'
[00:23:31.104] [Info] Root: Detected asset source named 'Weapon Reinforcer' at 'G:\SteamLibrary\steamapps\workshop\content\211820\744492975\contents.pak'
[00:23:31.104] [Info] Root: Detected asset source named 'FrackinRaces' at 'G:\SteamLibrary\steamapps\workshop\content\211820\763259329\contents.pak'
[00:23:31.104] [Info] Root: Detected unnamed asset source at '..\assets\user'
[00:23:31.104] [Info] Loading assets from: '..\assets\packed.pak'
[00:23:31.406] [Info] Loading assets from: 'G:\SteamLibrary\steamapps\workshop\content\211820\729426722\contents.pak'
[00:23:31.406] [Info] Loading assets from: '..\mods\Starbound-RPG-Growth'
[00:23:31.416] [Info] Loading assets from: '..\mods\slimemod.pak'
[00:23:31.424] [Info] Loading assets from: 'G:\SteamLibrary\steamapps\workshop\content\211820\895865334\contents.pak'
[00:23:31.424] [Info] Loading assets from: 'G:\SteamLibrary\steamapps\workshop\content\211820\946515757\contents.pak'
[00:23:31.425] [Info] Loading assets from: 'G:\SteamLibrary\steamapps\workshop\content\211820\937184219\contents.pak'
[00:23:31.427] [Info] Loading assets from: 'G:\SteamLibrary\steamapps\workshop\content\211820\876684273\contents.pak'
[00:23:31.428] [Info] Loading assets from: 'G:\SteamLibrary\steamapps\workshop\content\211820\948458702\contents.pak'
[00:23:31.429] [Info] Loading assets from: 'G:\SteamLibrary\steamapps\workshop\content\211820\736587210\contents.pak'
[00:23:31.431] [Info] Loading assets from: 'G:\SteamLibrary\steamapps\workshop\content\211820\823522792\contents.pak'
[00:23:31.431] [Info] Loading assets from: 'G:\SteamLibrary\steamapps\workshop\content\211820\825806617\contents.pak'
[00:23:31.431] [Info] Loading assets from: 'G:\SteamLibrary\steamapps\workshop\content\211820\1082333529\contents.pak'
[00:23:31.431] [Info] Loading assets from: 'G:\SteamLibrary\steamapps\workshop\content\211820\729426797\contents.pak'
[00:23:31.432] [Info] Loading assets from: 'G:\SteamLibrary\steamapps\workshop\content\211820\729427264\contents.pak'
[00:23:31.432] [Info] Loading assets from: 'G:\SteamLibrary\steamapps\workshop\content\211820\729427606\contents.pak'
[00:23:31.435] [Info] Loading assets from: 'G:\SteamLibrary\steamapps\workshop\content\211820\729524482\contents.pak'
[00:23:31.435] [Info] Loading assets from: 'G:\SteamLibrary\steamapps\workshop\content\211820\729726478\contents.pak'
[00:23:31.435] [Info] Loading assets from: 'G:\SteamLibrary\steamapps\workshop\content\211820\731354142\contents.pak'
[00:23:31.435] [Info] Loading assets from: 'G:\SteamLibrary\steamapps\workshop\content\211820\733139672\contents.pak'
[00:23:31.436] [Info] Loading assets from: 'G:\SteamLibrary\steamapps\workshop\content\211820\731592371\contents.pak'
[00:23:31.436] [Info] Loading assets from: 'G:\SteamLibrary\steamapps\workshop\content\211820\729492703\contents.pak'
[00:23:31.437] [Info] Loading assets from: 'G:\SteamLibrary\steamapps\workshop\content\211820\730378641\contents.pak'
[00:23:31.438] [Info] Loading assets from: 'G:\SteamLibrary\steamapps\workshop\content\211820\823739640\contents.pak'
[00:23:31.439] [Info] Loading assets from: 'G:\SteamLibrary\steamapps\workshop\content\211820\949533967\contents.pak'
[00:23:31.440] [Info] Loading assets from: 'G:\SteamLibrary\steamapps\workshop\content\211820\732892354\contents.pak'
[00:23:31.440] [Info] Loading assets from: 'G:\SteamLibrary\steamapps\workshop\content\211820\939383290\content.pak'
[00:23:31.440] [Info] Loading assets from: 'G:\SteamLibrary\steamapps\workshop\content\211820\729428037\contents.pak'
[00:23:31.440] [Info] Loading assets from: 'G:\SteamLibrary\steamapps\workshop\content\211820\729427436\contents.pak'
[00:23:31.443] [Info] Loading assets from: 'G:\SteamLibrary\steamapps\workshop\content\211820\744492975\contents.pak'
[00:23:31.444] [Info] Loading assets from: 'G:\SteamLibrary\steamapps\workshop\content\211820\763259329\contents.pak'
[00:23:31.472] [Info] Loading assets from: '..\assets\user'
[00:23:32.097] [Info] Assets digest is 4242d84e32746292d81010aab7109bd1afc0f7d3700b49992374a132215b287c
[00:23:32.097] [Info] Root: Loaded Assets in 1.26845 seconds
[00:23:32.109] [Info] Root: Loaded ImageMetadataDatabase in 1.93925e-06 seconds
[00:23:32.112] [Info] Root: Loaded NameGenerator in 0.0147729 seconds
[00:23:32.227] [Info] Root: Loaded PlantDatabase in 0.114882 seconds
[00:23:32.703] [Info] Root: Loaded ProjectileDatabase in 0.476293 seconds
[00:23:32.914] [Info] Root: Loaded MonsterDatabase in 0.210261 seconds
[00:23:32.991] [Info] Root: Loaded NpcDatabase in 0.0769603 seconds
[00:23:32.992] [Info] Root: Loaded StagehandDatabase in 0.00145926 seconds
[00:23:32.997] [Info] Root: Loaded VehicleDatabase in 0.00487842 seconds
[00:23:33.009] [Info] Root: Loaded PlayerFactory in 0.0120329 seconds
[00:23:33.577] [Info] Root: Loaded ObjectDatabase in 1.47914 seconds
[00:23:33.578] [Info] Root: Loaded VersioningDatabase in 0.00139055 seconds
[00:23:33.578] [Info] Root: Loaded EntityFactory in 0.568672 seconds
[00:23:33.616] [Info] Root: Loaded ParticleDatabase in 0.0380393 seconds
[00:23:33.829] [Info] Root: Loaded MaterialDatabase in 0.250633 seconds
[00:23:33.833] [Info] Root: Loaded TerrainDatabase in 0.00442598 seconds
[00:23:33.875] [Info] Root: Loaded BiomeDatabase in 0.0415405 seconds
[00:23:33.875] [Info] Root: Loaded LiquidsDatabase in 0.000561594 seconds
[00:23:33.885] [Info] Root: Loaded StatusEffectDatabase in 0.00988123 seconds
[00:23:34.154] [Info] Root: Loaded DamageDatabase in 0.268283 seconds
[00:23:34.162] [Info] Root: Loaded EffectSourceDatabase in 0.0087489 seconds
[00:23:34.166] [Info] Root: Loaded FunctionDatabase in 0.00354688 seconds
[00:23:34.247] [Info] Root: Loaded TreasureDatabase in 0.081222 seconds
[00:23:34.499] [Info] Root: Loaded DungeonDefinitions in 0.251737 seconds
[00:23:34.499] [Info] Root: Loaded TilesetDatabase in 2.32728e-05 seconds
[00:23:34.501] [Info] Root: Loaded StatisticsDatabase in 0.00188953 seconds
[00:23:34.501] [Info] Root: Loaded EmoteProcessor in 7.12036e-05 seconds
[00:23:34.543] [Error] Could not apply patch from file /species/slimenpc.species.patch in source: G:\SteamLibrary\steamapps\workshop\content\211820\948458702\contents.pak.  Caused by: (JsonPatchException) Could not apply patch to base. (JsonPatchException) Could not apply operation to base. (TraversalException) Could not remove element after end of array
[00:23:34.548] [Error] Could not apply patch from file /species/slimeperson.species.patch in source: G:\SteamLibrary\steamapps\workshop\content\211820\948458702\contents.pak.  Caused by: (JsonPatchException) Could not apply patch to base. (JsonPatchException) Could not apply operation to base. (TraversalException) Could not remove element after end of array
[00:23:34.572] [Error] Could not apply patch from file /species/slimenpchuman.species.patch in source: G:\SteamLibrary\steamapps\workshop\content\211820\948458702\contents.pak.  Caused by: (JsonPatchException) Could not apply patch to base. (JsonPatchException) Could not apply operation to base. (TraversalException) Could not remove element after end of array
[00:23:34.580] [Info] Root: Loaded SpeciesDatabase in 0.0784303 seconds
[00:23:34.599] [Info] Root: Loaded QuestTemplateDatabase in 0.0197425 seconds
[00:23:34.601] [Info] Root: Loaded AiDatabase in 0.00207017 seconds
[00:23:34.604] [Info] Root: Loaded TechDatabase in 0.00243311 seconds
[00:23:34.609] [Info] Root: Loaded CodexDatabase in 0.00493133 seconds
[00:23:34.912] [Info] Root: Loaded BehaviorDatabase in 0.303065 seconds
[00:23:34.915] [Info] Root: Loaded DanceDatabase in 0.00283762 seconds
[00:23:34.921] [Info] Root: Loaded SpawnTypeDatabase in 0.00635568 seconds
[00:23:34.925] [Info] Root: Loaded RadioMessageDatabase in 0.00373472 seconds
[00:23:36.289] [Info] Root: Loaded ItemDatabase in 2.71249 seconds
[00:23:36.388] [Info] Root: Loaded CollectionDatabase in 1.46217 seconds
[00:23:37.126] [Info] detected supported OpenGL texture size 32768, using atlasNumCells 256
[00:23:40.897] [Info] UniverseServer: Acquiring universe lock file
[00:23:40.898] [Info] UniverseServer: Loading settings
[00:23:40.900] [Info] UniverseServer: Starting UniverseServer with UUID: 89be048d4dc8dd55b2202022280e163b
[00:23:40.908] [Info] UniverseServer: Logged in player 'Xetu' locally
[00:23:40.908] [Info] UniverseServer: Logged in account '<anonymous>' as player 'Xetu' from address local
[00:23:40.963] [Info] UniverseServer: Loading system world (671996427, -851112927, -291056280) from disk storage
[00:23:40.969] [Info] UniverseClient: Joined server as client 1
[00:23:41.011] [Info] UniverseServer: Reviving player at CelestialWorld:671996427:-851112927:-291056280:11
[00:23:41.011] [Info] UniverseServer: Client 'Xetu' <1> (local) connected
[00:23:41.063] [Info] UniverseServer: Loading celestial world 671996427:-851112927:-291056280:11
[00:23:41.208] [Info] Protected dungeonIds for world set to (1, 65524)
[00:23:41.231] [Info] detected supported OpenGL texture size 32768, using atlasNumCells 64
[00:23:41.231] [Info] detected supported OpenGL texture size 32768, using atlasNumCells 128
[00:23:41.237] [Info] detected supported OpenGL texture size 32768, using atlasNumCells 256
[00:23:41.237] [Info] detected supported OpenGL texture size 32768, using atlasNumCells 256
[00:23:41.237] [Info] Setting steam rich presence connection as steam id 76561198051761942
[00:23:41.285] [Info] UniverseServer: Warping player 1 to CelestialWorld:671996427:-851112927:-291056280:11=2788.85.733
[00:23:41.526] [Info] Keybinds v1.3.0 initialized.
[00:23:47.513] [Info] Strength: 1
[00:23:47.513] [Info] Dexterity: 1
[00:23:47.513] [Info] Agility: 1
[00:23:47.513] [Info] Intelligence: 1
[00:23:47.513] [Info] Endurance: 1
[00:23:47.513] [Info] Vitality: 1
[00:23:47.513] [Info] Vigor: 1
[00:23:47.513] [Info] shieldHealth: 0.0
[00:23:47.513] [Info] physicalResistance: 0.66993302106857
[00:23:47.513] [Info] energyRegenPercentageRate: 0.73342496156693
[00:23:47.513] [Info] energyRegenBlockTime: 2.9057500362396
[00:23:47.513] [Info] fallDamageMultiplier: 1.9898999929428
[00:23:47.513] [Info] critChance: 0.5
[00:23:47.513] [Info] fireTime: 0.0
[00:23:47.513] [Info] poisonResistance: 0.20100000500679
[00:23:47.513] [Info] fireResistance: 0.0
[00:23:47.513] [Info] electricResistance: 0.0
[00:23:47.513] [Info] iceResistance: 0.0
[00:23:47.513] [Info] shadowResistance: 0.20100000500679
[00:23:47.513] [Info] cosmicResistance: 0.0
[00:23:47.513] [Info] radioactiveResistance: 0.0
[00:23:47.513] [Info] grit: 0.0
[00:23:47.513] [Info] foodDelta: -0.045707203447819
[00:23:59.697] [Info] Strength: 1
[00:23:59.697] [Info] Dexterity: 1
[00:23:59.697] [Info] Agility: 1
[00:23:59.697] [Info] Intelligence: 1
[00:23:59.697] [Info] Endurance: 20
[00:23:59.697] [Info] Vitality: 1
[00:23:59.697] [Info] Vigor: 1
[00:23:59.697] [Info] shieldHealth: 0.0
[00:23:59.697] [Info] physicalResistance: 0.84229588508606
[00:23:59.697] [Info] energyRegenPercentageRate: 0.73342496156693
[00:23:59.697] [Info] energyRegenBlockTime: 2.9057500362396
[00:23:59.697] [Info] fallDamageMultiplier: 1.9898999929428
[00:23:59.697] [Info] critChance: 0.5
[00:23:59.697] [Info] fireTime: 0.0
[00:23:59.697] [Info] poisonResistance: 0.22698564827442
[00:23:59.697] [Info] fireResistance: 0.0
[00:23:59.697] [Info] electricResistance: 0.0
[00:23:59.697] [Info] iceResistance: 0.0
[00:23:59.697] [Info] shadowResistance: 0.22698564827442
[00:23:59.697] [Info] cosmicResistance: 0.0
[00:23:59.697] [Info] radioactiveResistance: 0.0
[00:23:59.697] [Info] grit: 0.0
[00:23:59.697] [Info] foodDelta: -0.045707203447819
[00:24:02.214] [Info] Strength: 1
[00:24:02.214] [Info] Dexterity: 1
[00:24:02.214] [Info] Agility: 1
[00:24:02.214] [Info] Intelligence: 1
[00:24:02.214] [Info] Endurance: 30
[00:24:02.214] [Info] Vitality: 1
[00:24:02.214] [Info] Vigor: 1
[00:24:02.214] [Info] shieldHealth: 0.0
[00:24:02.214] [Info] physicalResistance: 0.94290405511856
[00:24:02.214] [Info] energyRegenPercentageRate: 0.73342496156693
[00:24:02.214] [Info] energyRegenBlockTime: 2.9057500362396
[00:24:02.214] [Info] fallDamageMultiplier: 1.9898999929428
[00:24:02.214] [Info] critChance: 0.5
[00:24:02.214] [Info] fireTime: 0.0
[00:24:02.214] [Info] poisonResistance: 0.24215348064899
[00:24:02.214] [Info] fireResistance: 0.0
[00:24:02.214] [Info] electricResistance: 0.0
[00:24:02.214] [Info] iceResistance: 0.0
[00:24:02.214] [Info] shadowResistance: 0.24215348064899
[00:24:02.214] [Info] cosmicResistance: 0.0
[00:24:02.214] [Info] radioactiveResistance: 0.0
[00:24:02.214] [Info] grit: 0.0
[00:24:02.214] [Info] foodDelta: -0.045707203447819
[00:24:05.364] [Info] Strength: 1
[00:24:05.364] [Info] Dexterity: 10
[00:24:05.364] [Info] Agility: 1
[00:24:05.364] [Info] Intelligence: 1
[00:24:05.364] [Info] Endurance: 30
[00:24:05.364] [Info] Vitality: 1
[00:24:05.364] [Info] Vigor: 1
[00:24:05.364] [Info] shieldHealth: 0.0
[00:24:05.364] [Info] physicalResistance: 0.94290405511856
[00:24:05.364] [Info] energyRegenPercentageRate: 0.73342496156693
[00:24:05.364] [Info] energyRegenBlockTime: 2.9057500362396
[00:24:05.364] [Info] fallDamageMultiplier: 1.7569559812546
[00:24:05.364] [Info] critChance: 6.2946271896362
[00:24:05.364] [Info] fireTime: 0.0
[00:24:05.364] [Info] poisonResistance: 0.24215348064899
[00:24:05.364] [Info] fireResistance: 0.0
[00:24:05.364] [Info] electricResistance: 0.0
[00:24:05.364] [Info] iceResistance: 0.0
[00:24:05.364] [Info] shadowResistance: 0.24215348064899
[00:24:05.364] [Info] cosmicResistance: 0.0
[00:24:05.364] [Info] radioactiveResistance: 0.0
[00:24:05.364] [Info] grit: 0.0
[00:24:05.364] [Info] foodDelta: -0.045707203447819
[00:24:08.531] [Info] Strength: 1
[00:24:08.531] [Info] Dexterity: 20
[00:24:08.531] [Info] Agility: 1
[00:24:08.531] [Info] Intelligence: 1
[00:24:08.531] [Info] Endurance: 30
[00:24:08.531] [Info] Vitality: 1
[00:24:08.531] [Info] Vigor: 1
[00:24:08.531] [Info] shieldHealth: 0.0
[00:24:08.531] [Info] physicalResistance: 0.94290405511856
[00:24:08.531] [Info] energyRegenPercentageRate: 0.73342496156693
[00:24:08.531] [Info] energyRegenBlockTime: 2.9057500362396
[00:24:08.531] [Info] fallDamageMultiplier: 1.4675883054733
[00:24:08.531] [Info] critChance: 13.492828369141
[00:24:08.531] [Info] fireTime: 0.0
[00:24:08.531] [Info] poisonResistance: 0.24215348064899
[00:24:08.531] [Info] fireResistance: 0.0
[00:24:08.531] [Info] electricResistance: 0.0
[00:24:08.531] [Info] iceResistance: 0.0
[00:24:08.531] [Info] shadowResistance: 0.24215348064899
[00:24:08.531] [Info] cosmicResistance: 0.0
[00:24:08.531] [Info] radioactiveResistance: 0.0
[00:24:08.531] [Info] grit: 0.0
[00:24:08.531] [Info] foodDelta: -0.045707203447819
[00:24:15.400] [Info] UniverseClient: Client disconnecting...
[00:24:15.450] [Info] Client received world stop packet, leaving: Removed
[00:24:15.471] [Info] UniverseServer: Client 'Xetu' <1> (local) disconnected for reason: 
[00:24:15.472] [Info] UniverseServer: Stopping idle world CelestialWorld:671996427:-851112927:-291056280:11
[00:24:15.974] [Info] UniverseServer: Stopping UniverseServer
[00:24:16.015] [Info] Clearing steam rich presence connection
[00:24:16.880] [Info] Application: quit requested
[00:24:16.880] [Info] Application: quitting...
[00:24:16.880] [Info] Application: shutdown...
[00:24:17.063] [Info] Root: Shutting down Root
[00:24:17.258] [Info] Application: Destroying SDL Window
[00:24:17.350] [Info] Application: stopped gracefully
